PHPUnit 11.5.56 by Sebastian Bergmann and contributors.

Runtime:       PHP 8.2.33
Configuration: /home/zagcreht/felagi_app/phpunit.xml

................................................................. 65 / 66 ( 98%)
.                                                                 66 / 66 (100%)

Time: 00:04.238, Memory: 46.50 MB

Attachment (Tests\Feature\Models\Attachment)
 ✔ Uuid auto generated
 ✔ No timestamps
 ✔ Uses soft deletes
 ✔ Persists core attributes
 ✔ Belongs to uploader
 ✔ Need id nullable
 ✔ Offer id nullable
 ✔ Message id nullable
 ✔ Belongs to need when set
 ✔ Byte size casts integer
 ✔ Created at casts to datetime
 ✔ Purpose constants
 ✔ Visibility constants
 ✔ Scan status constants
 ✔ Default visibility is private
 ✔ Default scan status is pending
 ✔ Scope clean filters
 ✔ Is scan clean returns true for clean
 ✔ Is scan clean returns false for pending
 ✔ Sha256 is 64 chars
 ✔ Soft delete keeps row

Category (Tests\Feature\Models\Category)
 ✔ Uuid auto generated
 ✔ Persists core attributes
 ✔ Active casts to boolean
 ✔ Sort order casts integer
 ✔ Default active is true
 ✔ Default sort order is zero
 ✔ Belongs to creator
 ✔ Creator nullable
 ✔ Has many needs
 ✔ Scope active filters
 ✔ Scope ordered sorts by sort order then slug
 ✔ Name returns amharic by default
 ✔ Name returns en for en locale
 ✔ Slug unique constraint
 ✔ Slug max length 60

Need Award (Tests\Feature\Models\NeedAward)
 ✔ No incrementing
 ✔ No timestamps
 ✔ Primary key is need id
 ✔ Primary key type is string
 ✔ Persists core attributes
 ✔ Belongs to need
 ✔ Belongs to offer
 ✔ Belongs to accepted by user
 ✔ Accepted at casts to datetime
 ✔ Request id stored
 ✔ Composite pk prevents duplicate need award
 ✔ Offer id is unique
 ✔ Composite fk prevents cross need offer

Report (Tests\Feature\Models\Report)
 ✔ Uuid auto generated
 ✔ Persists core attributes
 ✔ Belongs to reporter
 ✔ Assigned to nullable
 ✔ Belongs to assignee when set
 ✔ Details nullable
 ✔ Resolution code nullable
 ✔ Entity type constants
 ✔ Status constants
 ✔ Reason constants
 ✔ Default status is open
 ✔ Scope open filters
 ✔ Multiple reports for same entity allowed
 ✔ Entity id has no fk constraint
 ✔ Uses timestamps
 ✔ Created at populated
 ✔ Resolution code stored when resolved

OK (66 tests, 99 assertions)
